------------------------------------------------------------
Timing Analyzer Summary
------------------------------------------------------------

Type  : Slow 1200mV 85C Model Setup 'baudrate_gen:baudrate_gen_0|tick'
Slack : -5.818
TNS   : -395.051

Type  : Slow 1200mV 85C Model Setup 'clk'
Slack : -5.274
TNS   : -2528.366

Type  : Slow 1200mV 85C Model Hold 'clk'
Slack : 0.392
TNS   : 0.000

Type  : Slow 1200mV 85C Model Hold 'baudrate_gen:baudrate_gen_0|tick'
Slack : 0.395
TNS   : 0.000

Type  : Slow 1200mV 85C Model Minimum Pulse Width 'clk'
Slack : -3.000
TNS   : -952.615

Type  : Slow 1200mV 85C Model Minimum Pulse Width 'baudrate_gen:baudrate_gen_0|tick'
Slack : -1.285
TNS   : -137.495

Type  : Slow 1200mV 0C Model Setup 'baudrate_gen:baudrate_gen_0|tick'
Slack : -5.182
TNS   : -353.223

Type  : Slow 1200mV 0C Model Setup 'clk'
Slack : -4.776
TNS   : -2256.447

Type  : Slow 1200mV 0C Model Hold 'clk'
Slack : 0.343
TNS   : 0.000

Type  : Slow 1200mV 0C Model Hold 'baudrate_gen:baudrate_gen_0|tick'
Slack : 0.346
TNS   : 0.000

Type  : Slow 1200mV 0C Model Minimum Pulse Width 'clk'
Slack : -3.000
TNS   : -952.615

Type  : Slow 1200mV 0C Model Minimum Pulse Width 'baudrate_gen:baudrate_gen_0|tick'
Slack : -1.285
TNS   : -137.495

Type  : Fast 1200mV 0C Model Setup 'baudrate_gen:baudrate_gen_0|tick'
Slack : -2.335
TNS   : -138.342

Type  : Fast 1200mV 0C Model Setup 'clk'
Slack : -2.058
TNS   : -865.245

Type  : Fast 1200mV 0C Model Hold 'clk'
Slack : 0.177
TNS   : 0.000

Type  : Fast 1200mV 0C Model Hold 'baudrate_gen:baudrate_gen_0|tick'
Slack : 0.178
TNS   : 0.000

Type  : Fast 1200mV 0C Model Minimum Pulse Width 'clk'
Slack : -3.000
TNS   : -783.853

Type  : Fast 1200mV 0C Model Minimum Pulse Width 'baudrate_gen:baudrate_gen_0|tick'
Slack : -1.000
TNS   : -107.000

------------------------------------------------------------
